C:/Users/ariat/Downloads/Drivers/STM32F4xx_HAL_Driver/Inc/stm32f4xx_ll_bus.h:409:22:LL_AHB1_GRP1_EnableClock	1
C:/Users/ariat/Downloads/Drivers/STM32F4xx_HAL_Driver/Inc/stm32f4xx_ll_bus.h:1704:22:LL_APB2_GRP1_EnableClock	1
C:/Users/ariat/Downloads/Drivers/STM32F4xx_HAL_Driver/Inc/stm32f4xx_ll_gpio.h:273:22:LL_GPIO_SetPinMode	3
C:/Users/ariat/Downloads/Drivers/STM32F4xx_HAL_Driver/Inc/stm32f4xx_ll_adc.h:2149:22:LL_ADC_REG_SetTriggerSource	1
C:/Users/ariat/Downloads/Drivers/STM32F4xx_HAL_Driver/Inc/stm32f4xx_ll_adc.h:2299:22:LL_ADC_REG_SetSequencerLength	1
C:/Users/ariat/Downloads/Drivers/STM32F4xx_HAL_Driver/Inc/stm32f4xx_ll_adc.h:2493:22:LL_ADC_REG_SetSequencerRanks	2
C:/Users/ariat/Downloads/Drivers/STM32F4xx_HAL_Driver/Inc/stm32f4xx_ll_adc.h:3870:22:LL_ADC_Enable	1
C:/Users/ariat/Downloads/Drivers/STM32F4xx_HAL_Driver/Inc/stm32f4xx_ll_adc.h:3921:22:LL_ADC_REG_StartConversionSWStart	1
C:/Users/ariat/Downloads/Drivers/STM32F4xx_HAL_Driver/Inc/stm32f4xx_ll_adc.h:3974:26:LL_ADC_REG_ReadConversionData32	1
C:/Users/ariat/Downloads/Drivers/STM32F4xx_HAL_Driver/Inc/stm32f4xx_ll_adc.h:4290:26:LL_ADC_IsActiveFlag_EOCS	1
../Src/main.c:10:5:main	2
../Src/main.c:33:6:adc123_init	1
