C:/Users/ariat/Downloads/Drivers/CMSIS/Include/core_cm4.h:1814:22:__NVIC_SetPriority	2
C:/Users/ariat/Downloads/Drivers/CMSIS/Include/core_cm4.h:2022:26:SysTick_Config	2
C:/Users/ariat/Downloads/Drivers/STM32F4xx_HAL_Driver/Inc/stm32f4xx_ll_gpio.h:273:22:LL_GPIO_SetPinMode	3
C:/Users/ariat/Downloads/Drivers/STM32F4xx_HAL_Driver/Inc/stm32f4xx_ll_gpio.h:939:22:LL_GPIO_TogglePin	1
C:/Users/ariat/Downloads/Drivers/STM32F4xx_HAL_Driver/Inc/stm32f4xx_ll_bus.h:409:22:LL_AHB1_GRP1_EnableClock	1
../Src/main.c:7:5:main	1
../Src/main.c:29:6:SysTick_Handler	1
