C:/Users/ariat/Downloads/Drivers/CMSIS/Include/core_cm4.h:1814:22:__NVIC_SetPriority	16	static
C:/Users/ariat/Downloads/Drivers/CMSIS/Include/core_cm4.h:2022:26:SysTick_Config	16	static
C:/Users/ariat/Downloads/Drivers/STM32F4xx_HAL_Driver/Inc/stm32f4xx_ll_gpio.h:273:22:LL_GPIO_SetPinMode	48	static,ignoring_inline_asm
C:/Users/ariat/Downloads/Drivers/STM32F4xx_HAL_Driver/Inc/stm32f4xx_ll_gpio.h:939:22:LL_GPIO_TogglePin	24	static
C:/Users/ariat/Downloads/Drivers/STM32F4xx_HAL_Driver/Inc/stm32f4xx_ll_bus.h:409:22:LL_AHB1_GRP1_EnableClock	24	static
../Src/main.c:7:5:main	8	static
../Src/main.c:29:6:SysTick_Handler	4	static
