C:/Users/ariat/Downloads/Drivers/CMSIS/Include/core_cm4.h:1684:22:__NVIC_EnableIRQ	2
C:/Users/ariat/Downloads/Drivers/CMSIS/Include/core_cm4.h:1814:22:__NVIC_SetPriority	2
C:/Users/ariat/Downloads/Drivers/STM32F4xx_HAL_Driver/Inc/stm32f4xx_ll_bus.h:409:22:LL_AHB1_GRP1_EnableClock	1
C:/Users/ariat/Downloads/Drivers/STM32F4xx_HAL_Driver/Inc/stm32f4xx_ll_bus.h:1704:22:LL_APB2_GRP1_EnableClock	1
C:/Users/ariat/Downloads/Drivers/STM32F4xx_HAL_Driver/Inc/stm32f4xx_ll_gpio.h:273:22:LL_GPIO_SetPinMode	3
C:/Users/ariat/Downloads/Drivers/STM32F4xx_HAL_Driver/Inc/stm32f4xx_ll_gpio.h:939:22:LL_GPIO_TogglePin	1
C:/Users/ariat/Downloads/Drivers/STM32F4xx_HAL_Driver/Inc/stm32f4xx_ll_exti.h:268:22:LL_EXTI_EnableIT_0_31	1
C:/Users/ariat/Downloads/Drivers/STM32F4xx_HAL_Driver/Inc/stm32f4xx_ll_exti.h:661:22:LL_EXTI_EnableFallingTrig_0_31	1
C:/Users/ariat/Downloads/Drivers/STM32F4xx_HAL_Driver/Inc/stm32f4xx_ll_exti.h:834:26:LL_EXTI_IsActiveFlag_0_31	1
C:/Users/ariat/Downloads/Drivers/STM32F4xx_HAL_Driver/Inc/stm32f4xx_ll_exti.h:910:22:LL_EXTI_ClearFlag_0_31	1
C:/Users/ariat/Downloads/Drivers/STM32F4xx_HAL_Driver/Inc/stm32f4xx_ll_system.h:671:22:LL_SYSCFG_SetEXTISource	2
../Src/main.c:11:5:main	1
../Src/main.c:20:6:gpio_interrupt_init	1
../Src/main.c:43:6:led_init	1
../Src/main.c:53:6:EXTI15_10_IRQHandler	2
../Src/main.c:63:6:button_callback	1
