C:/Users/ariat/Downloads/Drivers/STM32F4xx_HAL_Driver/Inc/stm32f4xx_ll_usart.h:410:22:LL_USART_Enable	16	static
C:/Users/ariat/Downloads/Drivers/STM32F4xx_HAL_Driver/Inc/stm32f4xx_ll_usart.h:424:22:LL_USART_Disable	16	static
C:/Users/ariat/Downloads/Drivers/STM32F4xx_HAL_Driver/Inc/stm32f4xx_ll_usart.h:497:22:LL_USART_SetTransferDirection	40	static,ignoring_inline_asm
C:/Users/ariat/Downloads/Drivers/STM32F4xx_HAL_Driver/Inc/stm32f4xx_ll_usart.h:850:22:LL_USART_ConfigCharacter	24	static
C:/Users/ariat/Downloads/Drivers/STM32F4xx_HAL_Driver/Inc/stm32f4xx_ll_usart.h:1020:22:LL_USART_SetBaudRate	288	static
C:/Users/ariat/Downloads/Drivers/STM32F4xx_HAL_Driver/Inc/stm32f4xx_ll_usart.h:1792:26:LL_USART_IsActiveFlag_RXNE	16	static
C:/Users/ariat/Downloads/Drivers/STM32F4xx_HAL_Driver/Inc/stm32f4xx_ll_usart.h:1814:26:LL_USART_IsActiveFlag_TXE	16	static
C:/Users/ariat/Downloads/Drivers/STM32F4xx_HAL_Driver/Inc/stm32f4xx_ll_usart.h:2403:25:LL_USART_ReceiveData8	16	static
C:/Users/ariat/Downloads/Drivers/STM32F4xx_HAL_Driver/Inc/stm32f4xx_ll_usart.h:2426:22:LL_USART_TransmitData8	16	static
C:/Users/ariat/Downloads/Drivers/STM32F4xx_HAL_Driver/Inc/stm32f4xx_ll_gpio.h:273:22:LL_GPIO_SetPinMode	48	static,ignoring_inline_asm
C:/Users/ariat/Downloads/Drivers/STM32F4xx_HAL_Driver/Inc/stm32f4xx_ll_gpio.h:556:22:LL_GPIO_SetAFPin_0_7	48	static,ignoring_inline_asm
C:/Users/ariat/Downloads/Drivers/STM32F4xx_HAL_Driver/Inc/stm32f4xx_ll_gpio.h:881:22:LL_GPIO_SetOutputPin	16	static
C:/Users/ariat/Downloads/Drivers/STM32F4xx_HAL_Driver/Inc/stm32f4xx_ll_gpio.h:910:22:LL_GPIO_ResetOutputPin	16	static
C:/Users/ariat/Downloads/Drivers/STM32F4xx_HAL_Driver/Inc/stm32f4xx_ll_bus.h:409:22:LL_AHB1_GRP1_EnableClock	24	static
C:/Users/ariat/Downloads/Drivers/STM32F4xx_HAL_Driver/Inc/stm32f4xx_ll_bus.h:1185:22:LL_APB1_GRP1_EnableClock	24	static
../Src/main.c:12:5:main	8	static
../Src/main.c:29:6:uart2_init	8	static
../Src/main.c:63:6:uart2_read	8	static
../Src/main.c:70:6:uart2_write	16	static
../Src/main.c:81:6:led_init	8	static
../Src/main.c:92:6:psuedo_delay	24	static
../Src/main.c:101:6:led_play	16	static
